found: 11 steps
[0] github.com/caddyserver/caddy/v2/cmd/caddy.main (/Users/tgoodwin/projects/monolift/evaluation/caddy/cmd/caddy/main.go:40)
  --DirectCall--> github.com/caddyserver/caddy/v2/cmd.Main (/Users/tgoodwin/projects/monolift/evaluation/caddy/cmd/main.go:66)
  --DirectCall--> fmt.Printf (/usr/local/go/src/fmt/print.go:232)
  --DirectCall--> fmt.Fprintf (/usr/local/go/src/fmt/print.go:222)
  --InterfaceDispatch--> net/http.checkConnErrorWriter.Write (/usr/local/go/src/net/http/server.go:4036)
  --Unsupported--> cloud.google.com/go/auth.tokenAsync$1 (/Users/tgoodwin/go/pkg/mod/cloud.google.com/go/auth@v0.18.2/auth.go:364)
  --InterfaceDispatch--> cloud.google.com/go/auth/credentials/internal/externalaccount.*tokenProvider.Token (/Users/tgoodwin/go/pkg/mod/cloud.google.com/go/auth@v0.18.2/credentials/internal/externalaccount/externalaccount.go:287)
  --InterfaceDispatch--> cloud.google.com/go/auth/credentials/internal/externalaccount.*awsSubjectProvider.subjectToken (/Users/tgoodwin/go/pkg/mod/cloud.google.com/go/auth@v0.18.2/credentials/internal/externalaccount/aws_provider.go:95)
  --ConcreteMethodCall--> cloud.google.com/go/auth/credentials/internal/externalaccount.*awsSubjectProvider.getRegion (/Users/tgoodwin/go/pkg/mod/cloud.google.com/go/auth@v0.18.2/credentials/internal/externalaccount/aws_provider.go:210)
  --Unsupported--> github.com/caddyserver/caddy/v2/modules/caddyhttp/rewrite.Rewrite$1 (/Users/tgoodwin/projects/monolift/evaluation/caddy/modules/caddyhttp/rewrite/rewrite.go:267)
  --DirectCall--> github.com/caddyserver/caddy/v2/modules/caddyhttp.CleanPath (/Users/tgoodwin/projects/monolift/evaluation/caddy/modules/caddyhttp/caddyhttp.go:279)
info[scope]: scoped from [./...] to 28 packages
info[augment]: map function parameter propagation iterations=3: iter0 functions=20 callsites=62 new_stores=44 new_param_stores=5; iter1 functions=23 callsites=74 new_stores=12 new_param_stores=0; iter2 functions=23 callsites=74 new_stores=0 new_param_stores=0
info[augment]: map function parameter propagation iterations=3: iter0 functions=20 callsites=62 new_stores=44 new_param_stores=5; iter1 functions=23 callsites=74 new_stores=12 new_param_stores=0; iter2 functions=23 callsites=74 new_stores=0 new_param_stores=0
info[augment]: map function parameter propagation iterations=3: iter0 functions=20 callsites=62 new_stores=44 new_param_stores=5; iter1 functions=23 callsites=74 new_stores=12 new_param_stores=0; iter2 functions=23 callsites=74 new_stores=0 new_param_stores=0
info[augment]: map function parameter propagation iterations=3: iter0 functions=20 callsites=62 new_stores=44 new_param_stores=5; iter1 functions=23 callsites=74 new_stores=12 new_param_stores=0; iter2 functions=23 callsites=74 new_stores=0 new_param_stores=0
info[augment]: map function parameter propagation iterations=3: iter0 functions=20 callsites=62 new_stores=44 new_param_stores=5; iter1 functions=23 callsites=74 new_stores=12 new_param_stores=0; iter2 functions=23 callsites=74 new_stores=0 new_param_stores=0
info[augment]: augmentation exploration converged after 4 iteration(s)
time[scope]: 981.698667ms
time[load]: 1.030166792s
time[ssa]: 333.94425ms
time[resolve-target]: 1.027076792s
time[entrypoints]: 18.833µs
time[rta]: 148.646833ms
time[augment]: 1m8.793701708s
time[bfs]: 124.621958ms
