found: 9 steps
[0] github.com/knadh/listmonk/cmd.main (/Users/tgoodwin/projects/monolift/evaluation/listmonk/cmd/main.go:193)
  --DirectCall--> github.com/knadh/listmonk/cmd.initHTTPServer (/Users/tgoodwin/projects/monolift/evaluation/listmonk/cmd/init.go:888)
  --ConcreteMethodCall--> github.com/labstack/echo/v4.*Echo.GET (/Users/tgoodwin/go/pkg/mod/github.com/labstack/echo/v4@v4.13.4/echo.go:490)
  --ConcreteMethodCall--> github.com/labstack/echo/v4.*Echo.Add (/Users/tgoodwin/go/pkg/mod/github.com/labstack/echo/v4@v4.13.4/echo.go:593)
  --ConcreteMethodCall--> github.com/labstack/echo/v4.*Echo.add (/Users/tgoodwin/go/pkg/mod/github.com/labstack/echo/v4@v4.13.4/echo.go:575)
  --CallbackRegistration--> github.com/labstack/echo/v4.add$1 (/Users/tgoodwin/go/pkg/mod/github.com/labstack/echo/v4@v4.13.4/echo.go:579)
  --Unsupported--> LoginPage$bound (/Users/tgoodwin/projects/monolift/evaluation/listmonk/cmd/auth.go:85)
  --ConcreteMethodCall--> github.com/knadh/listmonk/cmd.*App.LoginPage (/Users/tgoodwin/projects/monolift/evaluation/listmonk/cmd/auth.go:85)
  --DirectCall--> github.com/knadh/listmonk/internal/utils.SanitizeURI (/Users/tgoodwin/projects/monolift/evaluation/listmonk/internal/utils/utils.go:41)
info[scope]: scoped from [./...] to 3 packages
info[augment]: augmentation exploration converged after 2 iteration(s)
time[scope]: 510.309333ms
time[load]: 655.608958ms
time[ssa]: 188.1515ms
time[resolve-target]: 255.188458ms
time[entrypoints]: 15.708µs
time[rta]: 1.782998416s
time[augment]: 11.465159541s
time[bfs]: 11.302917ms
