package util

import (
	"bytes"
	"encoding/json"
	"errors"
	"net/http"
	"os"
	"time"
)

type monoliftInvokeRequest struct {
	Input string `json:"input"`
}

type monoliftInvokeResponse struct {
	First  string `json:"first"`
	Second string `json:"second"`
}

type monoliftLocalizedError struct {
	Error   string `json:"error,omitempty"`
	Message string `json:"message,omitempty"`
}

func Split(input string) (string, string) {
	if os.Getenv("MONOLIFT_LIFT_SPLIT") != "on" {
		return monoliftOriginalSplit(input)
	}
	r0, r1, transportErr := monoliftRemoteSplit(input)
	if transportErr != nil {
		if os.Getenv("MONOLIFT_LIFT_FAILMODE") == "closed" {
			return "", ""
		}
		return monoliftOriginalSplit(input)
	}
	return r0, r1
}

func monoliftRemoteSplit(input string) (string, string, error) {
	endpoint := os.Getenv("MONOLIFT_SPLIT_ENDPOINT")
	if endpoint == "" {
		endpoint = "http://127.0.0.1:8081/invoke"
	}
	payload := monoliftInvokeRequest{Input: input}
	var body bytes.Buffer
	if err := json.NewEncoder(&body).Encode(payload); err != nil {
		return "", "", err
	}
	req, err := http.NewRequest(http.MethodPost, endpoint, &body)
	if err != nil {
		return "", "", err
	}
	req.Header.Set("Content-Type", "application/json")
	client := &http.Client{Timeout: 30 * time.Second}
	resp, err := client.Do(req)
	if err != nil {
		return "", "", err
	}
	defer resp.Body.Close()
	if resp.StatusCode < 200 || resp.StatusCode >= 300 {
		return "", "", errors.New(resp.Status)
	}
	var decoded monoliftInvokeResponse
	if err := json.NewDecoder(resp.Body).Decode(&decoded); err != nil {
		return "", "", err
	}
	return decoded.First, decoded.Second, nil
}
