package main

import (
	"context"
	"database/sql"
	"encoding/json"
	_ "github.com/lib/pq"
	"log"
	"miniflux.app/v2/internal/reader/handler"
	"miniflux.app/v2/internal/storage"
	"net/http"
	"os"
	"sync"
)

type invokeRequest struct {
	UserID       int64 `json:"user_id"`
	FeedID       int64 `json:"feed_id"`
	ForceRefresh bool  `json:"force_refresh"`
}

type invokeResponse struct {
	Error *localizedError `json:"error,omitempty"`
}

type localizedError struct {
	Error   string `json:"error,omitempty"`
	Message string `json:"message,omitempty"`
}

type invocationRecord struct {
	ID     uint64         `json:"id"`
	Params invokeRequest  `json:"params"`
	Result invokeResponse `json:"result"`
}

type invocationRecorder struct {
	mu      sync.Mutex
	count   uint64
	records []invocationRecord
}

const invocationHistoryLimit = 100

func newInvocationRecorder() *invocationRecorder {
	return &invocationRecorder{records: make([]invocationRecord, 0, invocationHistoryLimit)}
}

func (r *invocationRecorder) record(params invokeRequest, result invokeResponse) uint64 {
	r.mu.Lock()
	defer r.mu.Unlock()
	r.count++
	id := r.count
	r.records = append(r.records, invocationRecord{ID: id, Params: params, Result: result})
	if len(r.records) > invocationHistoryLimit {
		copy(r.records, r.records[len(r.records)-invocationHistoryLimit:])
		r.records = r.records[:invocationHistoryLimit]
	}
	return id
}

func (r *invocationRecorder) countSnapshot() uint64 {
	r.mu.Lock()
	defer r.mu.Unlock()
	return r.count
}

func (r *invocationRecorder) recordsSnapshot() []invocationRecord {
	r.mu.Lock()
	defer r.mu.Unlock()
	records := make([]invocationRecord, len(r.records))
	copy(records, r.records)
	return records
}

type callsResponse struct {
	Count uint64 `json:"count"`
}

type invocationsResponse struct {
	Records []invocationRecord `json:"records"`
}

type serverState struct {
	invocations *invocationRecorder
	closeFuncs  []func() error
	Store       *storage.Storage
}

func initState() (*serverState, error) {
	state := &serverState{invocations: newInvocationRecorder()}
	storeDB, err := sql.Open("postgres", os.Getenv("DATABASE_URL"))
	if err != nil {
		return nil, err
	}
	if err := storeDB.PingContext(context.Background()); err != nil {
		_ = storeDB.Close()
		return nil, err
	}
	state.Store = storage.NewStorage(storeDB)
	state.closeFuncs = append(state.closeFuncs, func() error { return storeDB.Close() })
	return state, nil
}

func (state *serverState) Close() {
	if state == nil {
		return
	}
	for i := len(state.closeFuncs) - 1; i >= 0; i-- {
		if err := state.closeFuncs[i](); err != nil {
			log.Printf("close state resource: %v", err)
		}
	}
}

func NewHandler(state *serverState) http.Handler {
	if state == nil {
		state = &serverState{}
	}
	if state.invocations == nil {
		state.invocations = newInvocationRecorder()
	}
	mux := http.NewServeMux()
	mux.HandleFunc("/healthz", func(w http.ResponseWriter, r *http.Request) {
		w.WriteHeader(http.StatusOK)
		_, _ = w.Write([]byte("ok"))
	})
	mux.HandleFunc("/calls", func(w http.ResponseWriter, r *http.Request) {
		if r.Method != http.MethodGet {
			http.Error(w, "method not allowed", http.StatusMethodNotAllowed)
			return
		}
		w.Header().Set("Content-Type", "application/json")
		if err := json.NewEncoder(w).Encode(callsResponse{Count: state.invocations.countSnapshot()}); err != nil {
			log.Printf("encode calls response: %v", err)
		}
	})
	mux.HandleFunc("/invocations", func(w http.ResponseWriter, r *http.Request) {
		if r.Method != http.MethodGet {
			http.Error(w, "method not allowed", http.StatusMethodNotAllowed)
			return
		}
		w.Header().Set("Content-Type", "application/json")
		if err := json.NewEncoder(w).Encode(invocationsResponse{Records: state.invocations.recordsSnapshot()}); err != nil {
			log.Printf("encode invocations response: %v", err)
		}
	})
	mux.HandleFunc("/invoke", invokeHandler(state))
	return mux
}

func invokeHandler(state *serverState) http.HandlerFunc {
	return func(w http.ResponseWriter, r *http.Request) {
		if r.Method != http.MethodPost {
			http.Error(w, "method not allowed", http.StatusMethodNotAllowed)
			return
		}
		defer r.Body.Close()
		var req invokeRequest
		if err := json.NewDecoder(r.Body).Decode(&req); err != nil {
			http.Error(w, err.Error(), http.StatusBadRequest)
			return
		}
		result := handler.MonoliftInvokeRefreshFeed(state.Store, req.UserID, req.FeedID, req.ForceRefresh)
		var resp invokeResponse
		if result != nil {
			var errText string
			if err := result.Error(); err != nil {
				errText = err.Error()
			}
			resp.Error = &localizedError{Error: errText, Message: result.Translate("en_US")}
		}
		invocationID := state.invocations.record(req, resp)
		log.Printf("LIFT_INVOKE service=refreshfeed invocation_id=%d", invocationID)
		w.Header().Set("Content-Type", "application/json")
		if err := json.NewEncoder(w).Encode(resp); err != nil {
			log.Printf("encode response: %v", err)
		}
	}
}

func main() {
	state, err := initState()
	if err != nil {
		log.Fatal(err)
	}
	defer state.Close()
	addr := os.Getenv("MONOLIFT_HTTP_ADDR")
	if addr == "" {
		addr = ":8081"
	}
	if err := http.ListenAndServe(addr, NewHandler(state)); err != nil {
		log.Printf("listen and serve: %v", err)
	}
}
