FROM golang:1.26.0 AS builder

WORKDIR /src
COPY . .
RUN CGO_ENABLED=0 go build -mod=mod -o /out/miniflux .

FROM gcr.io/distroless/static-debian12
COPY --from=builder /out/miniflux /miniflux
ENV DATABASE_URL="postgres://miniflux@postgres/miniflux?sslmode=disable"
ENV RUN_MIGRATIONS="1"
EXPOSE 8080
ENTRYPOINT ["/miniflux"]
