entrypath-probe phase=package_load status=start elapsed_ms=0 rss_bytes=8145160
entrypath-probe phase=package_load status=end elapsed_ms=3030 rss_bytes=2463505464
entrypath-probe phase=ssa_build status=start elapsed_ms=0 rss_bytes=2463505464
entrypath-probe phase=ssa_build status=end elapsed_ms=1701 rss_bytes=4341425976
entrypath-probe phase=root_resolution status=start elapsed_ms=0 rss_bytes=4341425976
entrypath-probe phase=root_resolution status=end elapsed_ms=9068 rss_bytes=6543879752
entrypath-probe phase=callgraph status=start elapsed_ms=0 rss_bytes=6543879752
entrypath-probe phase=callgraph status=end elapsed_ms=32933 rss_bytes=7041998440
entrypath-probe phase=reverse_bfs status=start elapsed_ms=0 rss_bytes=7041998440
entrypath-probe phase=reverse_bfs status=end elapsed_ms=338 rss_bytes=7042129512
entrypath-probe phase=boundary_reverse_frontier status=start elapsed_ms=0 rss_bytes=7042129512
entrypath-probe phase=boundary_reverse_frontier status=end elapsed_ms=17 rss_bytes=7042195048
entrypath-probe phase=boundary_adjacent_expansion status=start elapsed_ms=0 rss_bytes=7042195048
entrypath-probe phase=boundary_adjacent_expansion status=end elapsed_ms=7 rss_bytes=7042195048
entrypath-probe phase=boundary_predicate_scan status=start elapsed_ms=0 rss_bytes=7042195048
entrypath-probe phase=boundary_predicate_scan status=end elapsed_ms=9079 rss_bytes=7046127208
entrypath-probe phase=boundary_seed_set_assembly status=start elapsed_ms=0 rss_bytes=7046127208
entrypath-probe phase=boundary_seed_set_assembly status=end elapsed_ms=0 rss_bytes=7046127208
entrypath-probe phase=function_ref_index status=start elapsed_ms=0 rss_bytes=7046127208
entrypath-probe phase=function_ref_index status=end elapsed_ms=69 rss_bytes=7046127208
entrypath-probe phase=function_value_flow status=start elapsed_ms=0 rss_bytes=7046127208
entrypath-probe phase=function_value_flow status=end elapsed_ms=51 rss_bytes=7046127208
