entrypath-probe phase=package_load status=start elapsed_ms=0 rss_bytes=8145160
entrypath-probe phase=package_load status=end elapsed_ms=5806 rss_bytes=2481531976
entrypath-probe phase=ssa_build status=start elapsed_ms=0 rss_bytes=2481531976
entrypath-probe phase=ssa_build status=end elapsed_ms=6062 rss_bytes=4215981848
entrypath-probe phase=root_resolution status=start elapsed_ms=0 rss_bytes=4215981848
entrypath-probe phase=root_resolution status=end elapsed_ms=8294 rss_bytes=4731778952
entrypath-probe phase=callgraph status=start elapsed_ms=0 rss_bytes=4731778952
entrypath-probe phase=callgraph status=end elapsed_ms=41390 rss_bytes=5086873560
entrypath-probe phase=reverse_bfs status=start elapsed_ms=0 rss_bytes=5086873560
entrypath-probe phase=reverse_bfs status=end elapsed_ms=318 rss_bytes=5095458776
entrypath-probe phase=boundary_reverse_frontier status=start elapsed_ms=0 rss_bytes=5095458776
entrypath-probe phase=boundary_reverse_frontier status=end elapsed_ms=9223 rss_bytes=6980574904
entrypath-probe phase=boundary_adjacent_expansion status=start elapsed_ms=0 rss_bytes=6980574904
entrypath-probe phase=boundary_adjacent_expansion status=end elapsed_ms=5787 rss_bytes=6991060664
entrypath-probe phase=boundary_predicate_scan status=start elapsed_ms=0 rss_bytes=6991060664
entrypath-probe phase=boundary_predicate_scan status=end elapsed_ms=0 rss_bytes=6991060664
entrypath-probe phase=boundary_seed_set_assembly status=start elapsed_ms=0 rss_bytes=6991060664
entrypath-probe phase=boundary_seed_set_assembly status=end elapsed_ms=0 rss_bytes=6991060664
entrypath-probe phase=function_ref_index status=start elapsed_ms=0 rss_bytes=6991060664
entrypath-probe phase=function_ref_index status=end elapsed_ms=100 rss_bytes=6991060664
entrypath-probe phase=function_value_flow status=start elapsed_ms=0 rss_bytes=6991060664
entrypath-probe phase=function_value_flow status=end elapsed_ms=78 rss_bytes=6991322808
