entrypath-probe phase=package_load status=start elapsed_ms=0 rss_bytes=8407304
entrypath-probe phase=package_load status=end elapsed_ms=4616 rss_bytes=2658552936
entrypath-probe phase=ssa_build status=start elapsed_ms=0 rss_bytes=2658552936
entrypath-probe phase=ssa_build status=end elapsed_ms=6252 rss_bytes=4396410680
entrypath-probe phase=root_resolution status=start elapsed_ms=0 rss_bytes=4396410680
entrypath-probe phase=root_resolution status=end elapsed_ms=7389 rss_bytes=4904413112
entrypath-probe phase=callgraph status=start elapsed_ms=0 rss_bytes=4904413112
entrypath-probe phase=callgraph status=end elapsed_ms=32847 rss_bytes=5186562040
entrypath-probe phase=reverse_bfs status=start elapsed_ms=0 rss_bytes=5186562040
entrypath-probe phase=reverse_bfs status=end elapsed_ms=274 rss_bytes=5190887416
entrypath-probe phase=function_ref_index status=start elapsed_ms=0 rss_bytes=5190887416
entrypath-probe phase=function_ref_index status=progress elapsed_ms=368 rss_bytes=6759636600 scanned_functions=3950 scanned_blocks=19406 scanned_instructions=100000 current_package_path=github.com/andybalholm/brotli
entrypath-probe phase=function_ref_index status=progress elapsed_ms=768 rss_bytes=6759636600 scanned_functions=8905 scanned_blocks=38747 scanned_instructions=200000
entrypath-probe phase=function_ref_index status=progress elapsed_ms=1232 rss_bytes=6759636600 scanned_functions=12195 scanned_blocks=58397 scanned_instructions=300000 current_package_path=github.com/klauspost/compress/gzhttp
entrypath-probe phase=function_ref_index status=progress elapsed_ms=1456 rss_bytes=6759636600 scanned_functions=14684 scanned_blocks=73506 scanned_instructions=400000 current_package_path=github.com/mattermost/mattermost/server/public/model
entrypath-probe phase=function_ref_index status=progress elapsed_ms=1936 rss_bytes=6759702136 scanned_functions=18433 scanned_blocks=89725 scanned_instructions=500000 current_package_path=github.com/mattermost/mattermost/server/v8/channels/app
entrypath-probe phase=function_ref_index status=progress elapsed_ms=2229 rss_bytes=6759702136 scanned_functions=20639 scanned_blocks=105522 scanned_instructions=600000 current_package_path=github.com/mattermost/mattermost/server/v8/channels/app/platform
entrypath-probe phase=function_ref_index status=progress elapsed_ms=2725 rss_bytes=6759702136 scanned_functions=29761 scanned_blocks=126235 scanned_instructions=700000
entrypath-probe phase=function_ref_index status=progress elapsed_ms=3074 rss_bytes=6759702136 scanned_functions=34755 scanned_blocks=146686 scanned_instructions=800000 current_package_path=github.com/mattermost/rsc/qr
entrypath-probe phase=function_ref_index status=progress elapsed_ms=3399 rss_bytes=6760029816 scanned_functions=38315 scanned_blocks=164703 scanned_instructions=900000 current_package_path=github.com/redis/go-redis/v9
entrypath-probe phase=function_ref_index status=progress elapsed_ms=4207 rss_bytes=6760160888 scanned_functions=52569 scanned_blocks=187185 scanned_instructions=1000000
entrypath-probe phase=function_ref_index status=progress elapsed_ms=4526 rss_bytes=6760226424 scanned_functions=59625 scanned_blocks=208179 scanned_instructions=1100000 current_package_path=go/build
entrypath-probe phase=function_ref_index status=progress elapsed_ms=4837 rss_bytes=6760488568 scanned_functions=63408 scanned_blocks=227117 scanned_instructions=1200000 current_package_path=google.golang.org/protobuf/internal/descfmt
entrypath-probe phase=function_ref_index status=progress elapsed_ms=5124 rss_bytes=6760554104 scanned_functions=68216 scanned_blocks=247722 scanned_instructions=1300000 current_package_path=net/http
entrypath-probe phase=function_ref_index status=progress elapsed_ms=5382 rss_bytes=6760619640 scanned_functions=72731 scanned_blocks=267655 scanned_instructions=1400000
entrypath-probe phase=function_ref_index status=progress elapsed_ms=5834 rss_bytes=6760685176 scanned_functions=82255 scanned_blocks=284414 scanned_instructions=1500000 current_package_path=github.com/mattermost/mattermost/server/v8/channels/store/sqlstore
entrypath-probe phase=function_ref_index status=progress elapsed_ms=6245 rss_bytes=6760750712 scanned_functions=90547 scanned_blocks=298452 scanned_instructions=1600000 current_package_path=github.com/redis/rueidis/internal/cmds
entrypath-probe phase=function_ref_index status=progress elapsed_ms=6523 rss_bytes=6760816248 scanned_functions=95347 scanned_blocks=303894 scanned_instructions=1700000 current_package_path=github.com/redis/rueidis/internal/cmds
entrypath-probe phase=function_ref_index status=progress elapsed_ms=6881 rss_bytes=6760881784 scanned_functions=100712 scanned_blocks=317429 scanned_instructions=1800000 current_package_path=mime/multipart
entrypath-probe phase=function_ref_index status=progress elapsed_ms=7266 rss_bytes=6761012856 scanned_functions=103524 scanned_blocks=327290 scanned_instructions=1900000 current_package_path=crypto/internal/fips140/nistec
entrypath-probe phase=function_ref_index status=progress elapsed_ms=7408 rss_bytes=6761143928 scanned_functions=103524 scanned_blocks=327290 scanned_instructions=2000000 current_package_path=crypto/internal/fips140/nistec
entrypath-probe phase=function_ref_index status=progress elapsed_ms=7558 rss_bytes=6761209464 scanned_functions=104322 scanned_blocks=332467 scanned_instructions=2100000 current_package_path=debug/elf
entrypath-probe phase=function_ref_index status=progress elapsed_ms=7696 rss_bytes=6761275000 scanned_functions=105333 scanned_blocks=341134 scanned_instructions=2200000 current_package_path=github.com/andybalholm/brotli
entrypath-probe phase=function_ref_index status=progress elapsed_ms=7783 rss_bytes=6769798792 scanned_functions=105333 scanned_blocks=341134 scanned_instructions=2300000 current_package_path=github.com/andybalholm/brotli
entrypath-probe phase=function_ref_index status=progress elapsed_ms=7884 rss_bytes=6803418760 scanned_functions=105333 scanned_blocks=341134 scanned_instructions=2400000 current_package_path=github.com/andybalholm/brotli
entrypath-probe phase=function_ref_index status=progress elapsed_ms=7955 rss_bytes=6837108376 scanned_functions=105333 scanned_blocks=341134 scanned_instructions=2500000 current_package_path=github.com/andybalholm/brotli
entrypath-probe phase=function_ref_index status=progress elapsed_ms=8022 rss_bytes=6871252632 scanned_functions=105333 scanned_blocks=341134 scanned_instructions=2600000 current_package_path=github.com/andybalholm/brotli
entrypath-probe phase=function_ref_index status=progress elapsed_ms=8128 rss_bytes=6901272232 scanned_functions=105333 scanned_blocks=341134 scanned_instructions=2700000 current_package_path=github.com/andybalholm/brotli
entrypath-probe phase=function_ref_index status=progress elapsed_ms=8248 rss_bytes=6918377128 scanned_functions=106107 scanned_blocks=345207 scanned_instructions=2800000 current_package_path=github.com/aws/aws-sdk-go-v2/config
entrypath-probe phase=function_ref_index status=progress elapsed_ms=8407 rss_bytes=6952586920 scanned_functions=107762 scanned_blocks=353714 scanned_instructions=2900000 current_package_path=github.com/bits-and-blooms/bitset
entrypath-probe phase=function_ref_index status=progress elapsed_ms=8466 rss_bytes=6978412216 scanned_functions=107762 scanned_blocks=353714 scanned_instructions=3000000 current_package_path=github.com/bits-and-blooms/bitset
entrypath-probe phase=function_ref_index status=progress elapsed_ms=8545 rss_bytes=7004167864 scanned_functions=107762 scanned_blocks=353714 scanned_instructions=3100000 current_package_path=github.com/bits-and-blooms/bitset
entrypath-probe phase=function_ref_index status=progress elapsed_ms=8739 rss_bytes=7034117816 scanned_functions=109118 scanned_blocks=367446 scanned_instructions=3200000 current_package_path=github.com/goccy/go-json/internal/encoder/vm_color
entrypath-probe phase=function_ref_index status=progress elapsed_ms=8957 rss_bytes=7072526024 scanned_functions=110979 scanned_blocks=383584 scanned_instructions=3300000 current_package_path=github.com/lib/pq
entrypath-probe phase=function_ref_index status=progress elapsed_ms=9160 rss_bytes=7102541512 scanned_functions=112777 scanned_blocks=397978 scanned_instructions=3400000 current_package_path=github.com/mattermost/mattermost/server/v8/channels/api4
entrypath-probe phase=function_ref_index status=progress elapsed_ms=9391 rss_bytes=7132561112 scanned_functions=115350 scanned_blocks=408226 scanned_instructions=3500000 current_package_path=github.com/mattermost/mattermost/server/v8/channels/store/storetest
entrypath-probe phase=function_ref_index status=progress elapsed_ms=9633 rss_bytes=7179357928 scanned_functions=116583 scanned_blocks=410785 scanned_instructions=3600000 current_package_path=github.com/mattermost/mattermost/server/v8/channels/store/storetest
entrypath-probe phase=function_ref_index status=progress elapsed_ms=9866 rss_bytes=7272554232 scanned_functions=118452 scanned_blocks=417447 scanned_instructions=3700000 current_package_path=github.com/minio/minio-go/v7
entrypath-probe phase=function_ref_index status=progress elapsed_ms=19711 rss_bytes=7412154136 scanned_functions=122532 scanned_blocks=437315 scanned_instructions=3800000 current_package_path=github.com/yuin/goldmark/ast
entrypath-probe phase=function_ref_index status=progress elapsed_ms=34210 rss_bytes=7559880504 scanned_functions=123741 scanned_blocks=448938 scanned_instructions=3900000 current_package_path=golang.org/x/net/html
entrypath-probe phase=function_ref_index status=progress elapsed_ms=38086 rss_bytes=7585115976 scanned_functions=124526 scanned_blocks=453305 scanned_instructions=4000000 current_package_path=golang.org/x/text/encoding/charmap
entrypath-probe phase=function_ref_index status=progress elapsed_ms=38864 rss_bytes=7585115976 scanned_functions=124526 scanned_blocks=453305 scanned_instructions=4100000 current_package_path=golang.org/x/text/encoding/charmap
entrypath-probe phase=function_ref_index status=progress elapsed_ms=39214 rss_bytes=7585115976 scanned_functions=124538 scanned_blocks=453340 scanned_instructions=4200000 current_package_path=golang.org/x/text/encoding/korean
entrypath-probe phase=function_ref_index status=progress elapsed_ms=39577 rss_bytes=7585115976 scanned_functions=124542 scanned_blocks=453348 scanned_instructions=4300000 current_package_path=golang.org/x/text/encoding/simplifiedchinese
entrypath-probe phase=function_ref_index status=progress elapsed_ms=39839 rss_bytes=7585115976 scanned_functions=124589 scanned_blocks=453607 scanned_instructions=4400000 current_package_path=golang.org/x/text/internal/language
entrypath-probe phase=function_ref_index status=progress elapsed_ms=40101 rss_bytes=7585115976 scanned_functions=124733 scanned_blocks=454595 scanned_instructions=4500000 current_package_path=golang.org/x/text/unicode/norm
entrypath-probe phase=function_ref_index status=progress elapsed_ms=40895 rss_bytes=7585115976 scanned_functions=127216 scanned_blocks=471417 scanned_instructions=4600000 current_package_path=image/color/palette
entrypath-probe phase=function_ref_index status=progress elapsed_ms=41719 rss_bytes=7585115976 scanned_functions=130649 scanned_blocks=486503 scanned_instructions=4700000 current_package_path=modernc.org/mathutil
entrypath-probe phase=function_ref_index status=progress elapsed_ms=42024 rss_bytes=7585115976 scanned_functions=130649 scanned_blocks=486503 scanned_instructions=4800000 current_package_path=modernc.org/mathutil
entrypath-probe phase=function_ref_index status=progress elapsed_ms=42433 rss_bytes=7585115976 scanned_functions=131507 scanned_blocks=495280 scanned_instructions=4900000 current_package_path=modernc.org/sqlite/lib
entrypath-probe phase=function_ref_index status=progress elapsed_ms=43130 rss_bytes=7585115976 scanned_functions=132516 scanned_blocks=508159 scanned_instructions=5000000 current_package_path=modernc.org/sqlite/lib
entrypath-probe phase=function_ref_index status=progress elapsed_ms=44253 rss_bytes=7585115976 scanned_functions=133527 scanned_blocks=521540 scanned_instructions=5100000 current_package_path=modernc.org/sqlite/lib
entrypath-probe phase=function_ref_index status=progress elapsed_ms=45119 rss_bytes=7585115976 scanned_functions=134421 scanned_blocks=533931 scanned_instructions=5200000 current_package_path=modernc.org/sqlite/lib
entrypath-probe phase=function_ref_index status=progress elapsed_ms=45899 rss_bytes=7585115976 scanned_functions=135936 scanned_blocks=544893 scanned_instructions=5300000 current_package_path=reflect
entrypath-probe phase=function_ref_index status=progress elapsed_ms=47233 rss_bytes=7585115976 scanned_functions=139299 scanned_blocks=566004 scanned_instructions=5400000
entrypath-probe phase=function_ref_index status=progress elapsed_ms=47868 rss_bytes=7585115976 scanned_functions=140701 scanned_blocks=574350 scanned_instructions=5500000 current_package_path=vendor/golang.org/x/net/idna
entrypath-probe phase=function_ref_index status=progress elapsed_ms=48280 rss_bytes=7585115976 scanned_functions=140767 scanned_blocks=574876 scanned_instructions=5600000 current_package_path=vendor/golang.org/x/text/unicode/norm
entrypath-probe phase=function_ref_index status=end elapsed_ms=133166 rss_bytes=14584882384
entrypath-probe phase=function_value_flow status=start elapsed_ms=0 rss_bytes=14584882384
entrypath-probe phase=function_value_flow status=end elapsed_ms=44790 rss_bytes=14622893264
      311.99 real       121.68 user       233.48 sys
time: sysctl kern.clockrate: Operation not permitted
