entrypath-probe phase=package_load status=start elapsed_ms=0 rss_bytes=8145160
entrypath-probe phase=package_load status=end elapsed_ms=3817 rss_bytes=2670480488
entrypath-probe phase=ssa_build status=start elapsed_ms=0 rss_bytes=2670480488
entrypath-probe phase=ssa_build status=end elapsed_ms=4147 rss_bytes=4288075560
entrypath-probe phase=root_resolution status=start elapsed_ms=0 rss_bytes=4288075560
entrypath-probe phase=root_resolution status=end elapsed_ms=18206 rss_bytes=5771427224
entrypath-probe phase=callgraph status=start elapsed_ms=0 rss_bytes=5771427224
entrypath-probe phase=callgraph status=end elapsed_ms=36718 rss_bytes=5918498232
entrypath-probe phase=reverse_bfs status=start elapsed_ms=0 rss_bytes=5918498232
entrypath-probe phase=reverse_bfs status=end elapsed_ms=307 rss_bytes=5918563768
entrypath-probe phase=function_ref_index status=start elapsed_ms=0 rss_bytes=5918563768
entrypath-probe phase=function_ref_index status=progress elapsed_ms=13017 rss_bytes=6914969256 scanned_functions=3950 scanned_blocks=19406 scanned_instructions=100000 current_package_path=github.com/andybalholm/brotli
entrypath-probe phase=function_ref_index status=progress elapsed_ms=13537 rss_bytes=6914969256 scanned_functions=8905 scanned_blocks=38747 scanned_instructions=200000
entrypath-probe phase=function_ref_index status=progress elapsed_ms=14122 rss_bytes=6914969256 scanned_functions=12195 scanned_blocks=58397 scanned_instructions=300000 current_package_path=github.com/klauspost/compress/gzhttp
entrypath-probe phase=function_ref_index status=progress elapsed_ms=14424 rss_bytes=6914969256 scanned_functions=14684 scanned_blocks=73506 scanned_instructions=400000 current_package_path=github.com/mattermost/mattermost/server/public/model
entrypath-probe phase=function_ref_index status=progress elapsed_ms=14836 rss_bytes=6914969256 scanned_functions=18433 scanned_blocks=89725 scanned_instructions=500000 current_package_path=github.com/mattermost/mattermost/server/v8/channels/app
entrypath-probe phase=function_ref_index status=progress elapsed_ms=15040 rss_bytes=6915034792 scanned_functions=20639 scanned_blocks=105522 scanned_instructions=600000 current_package_path=github.com/mattermost/mattermost/server/v8/channels/app/platform
entrypath-probe phase=function_ref_index status=progress elapsed_ms=15426 rss_bytes=6915034792 scanned_functions=29761 scanned_blocks=126235 scanned_instructions=700000
entrypath-probe phase=function_ref_index status=progress elapsed_ms=15706 rss_bytes=6915100328 scanned_functions=34755 scanned_blocks=146686 scanned_instructions=800000 current_package_path=github.com/mattermost/rsc/qr
entrypath-probe phase=function_ref_index status=progress elapsed_ms=15992 rss_bytes=6915165864 scanned_functions=38315 scanned_blocks=164703 scanned_instructions=900000 current_package_path=github.com/redis/go-redis/v9
entrypath-probe phase=function_ref_index status=progress elapsed_ms=16646 rss_bytes=6915296936 scanned_functions=52569 scanned_blocks=187185 scanned_instructions=1000000
entrypath-probe phase=function_ref_index status=progress elapsed_ms=17051 rss_bytes=6915362472 scanned_functions=59625 scanned_blocks=208179 scanned_instructions=1100000 current_package_path=go/build
entrypath-probe phase=function_ref_index status=progress elapsed_ms=17317 rss_bytes=6915428008 scanned_functions=63408 scanned_blocks=227117 scanned_instructions=1200000 current_package_path=google.golang.org/protobuf/internal/descfmt
entrypath-probe phase=function_ref_index status=progress elapsed_ms=17596 rss_bytes=6915493544 scanned_functions=68216 scanned_blocks=247722 scanned_instructions=1300000 current_package_path=net/http
entrypath-probe phase=function_ref_index status=progress elapsed_ms=17861 rss_bytes=6915559080 scanned_functions=72731 scanned_blocks=267655 scanned_instructions=1400000
entrypath-probe phase=function_ref_index status=progress elapsed_ms=18275 rss_bytes=6915624616 scanned_functions=82255 scanned_blocks=284414 scanned_instructions=1500000 current_package_path=github.com/mattermost/mattermost/server/v8/channels/store/sqlstore
entrypath-probe phase=function_ref_index status=progress elapsed_ms=18687 rss_bytes=6915690152 scanned_functions=90547 scanned_blocks=298452 scanned_instructions=1600000 current_package_path=github.com/redis/rueidis/internal/cmds
entrypath-probe phase=function_ref_index status=progress elapsed_ms=18982 rss_bytes=6915755688 scanned_functions=95347 scanned_blocks=303894 scanned_instructions=1700000 current_package_path=github.com/redis/rueidis/internal/cmds
entrypath-probe phase=function_ref_index status=progress elapsed_ms=19272 rss_bytes=6915821224 scanned_functions=100712 scanned_blocks=317429 scanned_instructions=1800000 current_package_path=mime/multipart
entrypath-probe phase=function_ref_index status=progress elapsed_ms=19588 rss_bytes=6915952296 scanned_functions=103524 scanned_blocks=327290 scanned_instructions=1900000 current_package_path=crypto/internal/fips140/nistec
entrypath-probe phase=function_ref_index status=progress elapsed_ms=19700 rss_bytes=6916017832 scanned_functions=103524 scanned_blocks=327290 scanned_instructions=2000000 current_package_path=crypto/internal/fips140/nistec
entrypath-probe phase=function_ref_index status=progress elapsed_ms=19826 rss_bytes=6916083368 scanned_functions=104322 scanned_blocks=332467 scanned_instructions=2100000 current_package_path=debug/elf
entrypath-probe phase=function_ref_index status=progress elapsed_ms=20027 rss_bytes=6916148904 scanned_functions=105333 scanned_blocks=341134 scanned_instructions=2200000 current_package_path=github.com/andybalholm/brotli
entrypath-probe phase=function_ref_index status=progress elapsed_ms=20155 rss_bytes=6916214440 scanned_functions=105333 scanned_blocks=341134 scanned_instructions=2300000 current_package_path=github.com/andybalholm/brotli
entrypath-probe phase=function_ref_index status=progress elapsed_ms=20276 rss_bytes=6916279976 scanned_functions=105333 scanned_blocks=341134 scanned_instructions=2400000 current_package_path=github.com/andybalholm/brotli
entrypath-probe phase=function_ref_index status=progress elapsed_ms=20359 rss_bytes=6916345512 scanned_functions=105333 scanned_blocks=341134 scanned_instructions=2500000 current_package_path=github.com/andybalholm/brotli
entrypath-probe phase=function_ref_index status=progress elapsed_ms=20428 rss_bytes=6916411048 scanned_functions=105333 scanned_blocks=341134 scanned_instructions=2600000 current_package_path=github.com/andybalholm/brotli
entrypath-probe phase=function_ref_index status=progress elapsed_ms=20511 rss_bytes=6916476584 scanned_functions=105333 scanned_blocks=341134 scanned_instructions=2700000 current_package_path=github.com/andybalholm/brotli
entrypath-probe phase=function_ref_index status=progress elapsed_ms=20811 rss_bytes=6916476584 scanned_functions=106107 scanned_blocks=345207 scanned_instructions=2800000 current_package_path=github.com/aws/aws-sdk-go-v2/config
entrypath-probe phase=function_ref_index status=progress elapsed_ms=21063 rss_bytes=6916607656 scanned_functions=107762 scanned_blocks=353714 scanned_instructions=2900000 current_package_path=github.com/bits-and-blooms/bitset
entrypath-probe phase=function_ref_index status=progress elapsed_ms=21158 rss_bytes=6916673192 scanned_functions=107762 scanned_blocks=353714 scanned_instructions=3000000 current_package_path=github.com/bits-and-blooms/bitset
entrypath-probe phase=function_ref_index status=progress elapsed_ms=21275 rss_bytes=6916738728 scanned_functions=107762 scanned_blocks=353714 scanned_instructions=3100000 current_package_path=github.com/bits-and-blooms/bitset
entrypath-probe phase=function_ref_index status=progress elapsed_ms=21588 rss_bytes=6916804264 scanned_functions=109118 scanned_blocks=367446 scanned_instructions=3200000 current_package_path=github.com/goccy/go-json/internal/encoder/vm_color
entrypath-probe phase=function_ref_index status=progress elapsed_ms=21894 rss_bytes=6916869800 scanned_functions=110979 scanned_blocks=383584 scanned_instructions=3300000 current_package_path=github.com/lib/pq
entrypath-probe phase=function_ref_index status=progress elapsed_ms=22156 rss_bytes=6916935336 scanned_functions=112777 scanned_blocks=397978 scanned_instructions=3400000 current_package_path=github.com/mattermost/mattermost/server/v8/channels/api4
entrypath-probe phase=function_ref_index status=progress elapsed_ms=22416 rss_bytes=6917000872 scanned_functions=115350 scanned_blocks=408226 scanned_instructions=3500000 current_package_path=github.com/mattermost/mattermost/server/v8/channels/store/storetest
entrypath-probe phase=function_ref_index status=progress elapsed_ms=22613 rss_bytes=6917066408 scanned_functions=116583 scanned_blocks=410785 scanned_instructions=3600000 current_package_path=github.com/mattermost/mattermost/server/v8/channels/store/storetest
entrypath-probe phase=function_ref_index status=progress elapsed_ms=22828 rss_bytes=6917197480 scanned_functions=118452 scanned_blocks=417447 scanned_instructions=3700000 current_package_path=github.com/minio/minio-go/v7
entrypath-probe phase=function_ref_index status=progress elapsed_ms=23225 rss_bytes=6917263016 scanned_functions=122532 scanned_blocks=437315 scanned_instructions=3800000 current_package_path=github.com/yuin/goldmark/ast
entrypath-probe phase=function_ref_index status=progress elapsed_ms=23500 rss_bytes=6917394088 scanned_functions=123741 scanned_blocks=448938 scanned_instructions=3900000 current_package_path=golang.org/x/net/html
entrypath-probe phase=function_ref_index status=progress elapsed_ms=23703 rss_bytes=6917459624 scanned_functions=124526 scanned_blocks=453305 scanned_instructions=4000000 current_package_path=golang.org/x/text/encoding/charmap
entrypath-probe phase=function_ref_index status=progress elapsed_ms=23816 rss_bytes=6917590696 scanned_functions=124526 scanned_blocks=453305 scanned_instructions=4100000 current_package_path=golang.org/x/text/encoding/charmap
entrypath-probe phase=function_ref_index status=progress elapsed_ms=24007 rss_bytes=6917656232 scanned_functions=124538 scanned_blocks=453340 scanned_instructions=4200000 current_package_path=golang.org/x/text/encoding/korean
entrypath-probe phase=function_ref_index status=progress elapsed_ms=24286 rss_bytes=6917721768 scanned_functions=124542 scanned_blocks=453348 scanned_instructions=4300000 current_package_path=golang.org/x/text/encoding/simplifiedchinese
entrypath-probe phase=function_ref_index status=progress elapsed_ms=24400 rss_bytes=6917787304 scanned_functions=124589 scanned_blocks=453607 scanned_instructions=4400000 current_package_path=golang.org/x/text/internal/language
entrypath-probe phase=function_ref_index status=progress elapsed_ms=24634 rss_bytes=6917852840 scanned_functions=124733 scanned_blocks=454595 scanned_instructions=4500000 current_package_path=golang.org/x/text/unicode/norm
entrypath-probe phase=function_ref_index status=progress elapsed_ms=25203 rss_bytes=6917918376 scanned_functions=127216 scanned_blocks=471417 scanned_instructions=4600000 current_package_path=image/color/palette
entrypath-probe phase=function_ref_index status=progress elapsed_ms=25725 rss_bytes=6917983912 scanned_functions=130649 scanned_blocks=486503 scanned_instructions=4700000 current_package_path=modernc.org/mathutil
entrypath-probe phase=function_ref_index status=progress elapsed_ms=25855 rss_bytes=6926438056 scanned_functions=130649 scanned_blocks=486503 scanned_instructions=4800000 current_package_path=modernc.org/mathutil
entrypath-probe phase=function_ref_index status=progress elapsed_ms=26060 rss_bytes=6943280808 scanned_functions=131507 scanned_blocks=495280 scanned_instructions=4900000 current_package_path=modernc.org/sqlite/lib
entrypath-probe phase=function_ref_index status=progress elapsed_ms=26345 rss_bytes=6972772008 scanned_functions=132516 scanned_blocks=508159 scanned_instructions=5000000 current_package_path=modernc.org/sqlite/lib
entrypath-probe phase=function_ref_index status=progress elapsed_ms=26654 rss_bytes=7002267320 scanned_functions=133527 scanned_blocks=521540 scanned_instructions=5100000 current_package_path=modernc.org/sqlite/lib
entrypath-probe phase=function_ref_index status=progress elapsed_ms=27427 rss_bytes=7031758520 scanned_functions=134421 scanned_blocks=533931 scanned_instructions=5200000 current_package_path=modernc.org/sqlite/lib
entrypath-probe phase=function_ref_index status=progress elapsed_ms=27837 rss_bytes=7061253832 scanned_functions=135936 scanned_blocks=544893 scanned_instructions=5300000 current_package_path=reflect
entrypath-probe phase=function_ref_index status=progress elapsed_ms=28248 rss_bytes=7090679496 scanned_functions=139299 scanned_blocks=566004 scanned_instructions=5400000
entrypath-probe phase=function_ref_index status=progress elapsed_ms=28524 rss_bytes=7116046040 scanned_functions=140701 scanned_blocks=574350 scanned_instructions=5500000 current_package_path=vendor/golang.org/x/net/idna
entrypath-probe phase=function_ref_index status=progress elapsed_ms=28833 rss_bytes=7149600472 scanned_functions=140767 scanned_blocks=574876 scanned_instructions=5600000 current_package_path=vendor/golang.org/x/text/unicode/norm
