entrypath-probe phase=package_load status=start elapsed_ms=0 rss_bytes=8407304
entrypath-probe phase=package_load status=end elapsed_ms=3573 rss_bytes=2441878584
entrypath-probe phase=ssa_build status=start elapsed_ms=0 rss_bytes=2441878584
entrypath-probe phase=ssa_build status=end elapsed_ms=5561 rss_bytes=4310685480
entrypath-probe phase=root_resolution status=start elapsed_ms=0 rss_bytes=4310685480
entrypath-probe phase=root_resolution status=end elapsed_ms=6439 rss_bytes=4856895400
entrypath-probe phase=callgraph status=start elapsed_ms=0 rss_bytes=4856895400
entrypath-probe phase=callgraph status=end elapsed_ms=47591 rss_bytes=5108963304
entrypath-probe phase=reverse_bfs status=start elapsed_ms=0 rss_bytes=5108963304
entrypath-probe phase=reverse_bfs status=end elapsed_ms=338 rss_bytes=5160277992
entrypath-probe phase=boundary_reverse_frontier status=start elapsed_ms=0 rss_bytes=5160277992
entrypath-probe phase=boundary_reverse_frontier status=end elapsed_ms=54698 rss_bytes=10536161688
entrypath-probe phase=boundary_adjacent_expansion status=start elapsed_ms=0 rss_bytes=10536161688
entrypath-probe phase=boundary_adjacent_expansion status=end elapsed_ms=26892 rss_bytes=10570637736
entrypath-probe phase=boundary_predicate_scan status=start elapsed_ms=0 rss_bytes=10570637736
entrypath-probe phase=boundary_predicate_scan status=end elapsed_ms=0 rss_bytes=10570637736
entrypath-probe phase=boundary_seed_set_assembly status=start elapsed_ms=0 rss_bytes=10570637736
entrypath-probe phase=boundary_seed_set_assembly status=end elapsed_ms=0 rss_bytes=10570637736
entrypath-probe phase=function_ref_index status=start elapsed_ms=0 rss_bytes=10570637736
entrypath-probe phase=function_ref_index status=end elapsed_ms=134 rss_bytes=10570637736
entrypath-probe phase=function_value_flow status=start elapsed_ms=0 rss_bytes=10570637736
entrypath-probe phase=function_value_flow status=end elapsed_ms=75 rss_bytes=10570637736
