entrypath-probe phase=package_load status=start elapsed_ms=0 rss_bytes=8407304
entrypath-probe phase=package_load status=end elapsed_ms=3603 rss_bytes=2653703272
entrypath-probe phase=ssa_build status=start elapsed_ms=0 rss_bytes=2653703272
entrypath-probe phase=ssa_build status=end elapsed_ms=6192 rss_bytes=4253599512
entrypath-probe phase=root_resolution status=start elapsed_ms=0 rss_bytes=4253599512
entrypath-probe phase=root_resolution status=end elapsed_ms=4822 rss_bytes=4407621448
entrypath-probe phase=callgraph status=start elapsed_ms=0 rss_bytes=4407621448
entrypath-probe phase=callgraph status=end elapsed_ms=34001 rss_bytes=5523426664
entrypath-probe phase=reverse_bfs status=start elapsed_ms=0 rss_bytes=5523426664
entrypath-probe phase=reverse_bfs status=end elapsed_ms=271 rss_bytes=5523492200
entrypath-probe phase=boundary_reverse_frontier status=start elapsed_ms=0 rss_bytes=5523492200
entrypath-probe phase=boundary_reverse_frontier status=end elapsed_ms=30260 rss_bytes=9465176232
entrypath-probe phase=boundary_adjacent_expansion status=start elapsed_ms=0 rss_bytes=9465176232
entrypath-probe phase=boundary_adjacent_expansion status=end elapsed_ms=6145 rss_bytes=9469436072
entrypath-probe phase=boundary_predicate_scan status=start elapsed_ms=0 rss_bytes=9469436072
entrypath-probe phase=boundary_predicate_scan status=end elapsed_ms=0 rss_bytes=9469436072
entrypath-probe phase=boundary_seed_set_assembly status=start elapsed_ms=0 rss_bytes=9469436072
entrypath-probe phase=boundary_seed_set_assembly status=end elapsed_ms=0 rss_bytes=9469436072
entrypath-probe phase=function_ref_index status=start elapsed_ms=0 rss_bytes=9469436072
entrypath-probe phase=function_ref_index status=end elapsed_ms=73 rss_bytes=9469501608
entrypath-probe phase=function_value_flow status=start elapsed_ms=0 rss_bytes=9469501608
entrypath-probe phase=function_value_flow status=end elapsed_ms=51 rss_bytes=9469501608
