entrypath-probe phase=package_load status=start elapsed_ms=0 rss_bytes=8145160
entrypath-probe phase=package_load status=end elapsed_ms=2883 rss_bytes=2454461496
entrypath-probe phase=ssa_build status=start elapsed_ms=0 rss_bytes=2454461496
entrypath-probe phase=ssa_build status=end elapsed_ms=1505 rss_bytes=4358399800
entrypath-probe phase=root_resolution status=start elapsed_ms=0 rss_bytes=4358399800
entrypath-probe phase=root_resolution status=end elapsed_ms=9732 rss_bytes=6569180760
entrypath-probe phase=callgraph status=start elapsed_ms=0 rss_bytes=6569180760
entrypath-probe phase=callgraph status=end elapsed_ms=29147 rss_bytes=6927552168
entrypath-probe phase=reverse_bfs status=start elapsed_ms=0 rss_bytes=6927552168
entrypath-probe phase=reverse_bfs status=end elapsed_ms=229 rss_bytes=6927683240
entrypath-probe phase=boundary_reverse_frontier status=start elapsed_ms=0 rss_bytes=6927683240
entrypath-probe phase=boundary_reverse_frontier status=end elapsed_ms=445 rss_bytes=6928469672
entrypath-probe phase=boundary_adjacent_expansion status=start elapsed_ms=0 rss_bytes=6928469672
entrypath-probe phase=boundary_adjacent_expansion status=end elapsed_ms=253 rss_bytes=6928993960
entrypath-probe phase=boundary_predicate_scan status=start elapsed_ms=0 rss_bytes=6928993960
entrypath-probe phase=boundary_predicate_scan status=end elapsed_ms=29351 rss_bytes=9287626872
entrypath-probe phase=boundary_seed_set_assembly status=start elapsed_ms=0 rss_bytes=9300471928
entrypath-probe phase=boundary_seed_set_assembly status=end elapsed_ms=0 rss_bytes=9300471928
entrypath-probe phase=function_ref_index status=start elapsed_ms=0 rss_bytes=9300471928
entrypath-probe phase=function_ref_index status=end elapsed_ms=119 rss_bytes=9300734072
entrypath-probe phase=function_value_flow status=start elapsed_ms=0 rss_bytes=9300734072
entrypath-probe phase=function_value_flow status=end elapsed_ms=76 rss_bytes=9300734072
