entrypath-probe phase=package_load status=start elapsed_ms=0 rss_bytes=8145160
entrypath-probe phase=package_load status=end elapsed_ms=3396 rss_bytes=2769448072
entrypath-probe phase=ssa_build status=start elapsed_ms=0 rss_bytes=2769579144
entrypath-probe phase=ssa_build status=end elapsed_ms=4874 rss_bytes=4190222088
entrypath-probe phase=root_resolution status=start elapsed_ms=0 rss_bytes=4190222088
entrypath-probe phase=root_resolution status=end elapsed_ms=12492 rss_bytes=5747178904
entrypath-probe phase=callgraph status=start elapsed_ms=0 rss_bytes=5747178904
entrypath-probe phase=callgraph status=end elapsed_ms=35117 rss_bytes=5906243000
entrypath-probe phase=reverse_bfs status=start elapsed_ms=0 rss_bytes=5906243000
entrypath-probe phase=reverse_bfs status=end elapsed_ms=308 rss_bytes=5906308536
entrypath-probe phase=boundary_reverse_frontier status=start elapsed_ms=0 rss_bytes=5906308536
entrypath-probe phase=boundary_reverse_frontier status=end elapsed_ms=183 rss_bytes=5906505144
entrypath-probe phase=boundary_adjacent_expansion status=start elapsed_ms=0 rss_bytes=5906505144
entrypath-probe phase=boundary_adjacent_expansion status=end elapsed_ms=128 rss_bytes=5906636216
entrypath-probe phase=boundary_predicate_scan status=start elapsed_ms=0 rss_bytes=5906636216
entrypath-probe phase=boundary_predicate_scan status=end elapsed_ms=29720 rss_bytes=8778088456
entrypath-probe phase=boundary_seed_set_assembly status=start elapsed_ms=0 rss_bytes=8778088456
entrypath-probe phase=boundary_seed_set_assembly status=end elapsed_ms=0 rss_bytes=8778088456
entrypath-probe phase=function_ref_index status=start elapsed_ms=0 rss_bytes=8778088456
entrypath-probe phase=function_ref_index status=end elapsed_ms=45 rss_bytes=8778088456
entrypath-probe phase=function_value_flow status=start elapsed_ms=0 rss_bytes=8778088456
entrypath-probe phase=function_value_flow status=end elapsed_ms=34 rss_bytes=8778088456
