entrypath-probe phase=package_load status=start elapsed_ms=0 rss_bytes=8145160
entrypath-probe phase=package_load status=end elapsed_ms=4300 rss_bytes=2624539752
entrypath-probe phase=ssa_build status=start elapsed_ms=0 rss_bytes=2624539752
entrypath-probe phase=ssa_build status=end elapsed_ms=4604 rss_bytes=4367443768
entrypath-probe phase=root_resolution status=start elapsed_ms=0 rss_bytes=4367443768
entrypath-probe phase=root_resolution status=end elapsed_ms=7020 rss_bytes=4853290920
entrypath-probe phase=callgraph status=start elapsed_ms=0 rss_bytes=4853290920
entrypath-probe phase=callgraph status=end elapsed_ms=43243 rss_bytes=5265012744
entrypath-probe phase=reverse_bfs status=start elapsed_ms=0 rss_bytes=5265012744
entrypath-probe phase=reverse_bfs status=end elapsed_ms=409 rss_bytes=5269403656
entrypath-probe phase=boundary_reverse_frontier status=start elapsed_ms=0 rss_bytes=5269403656
entrypath-probe phase=boundary_reverse_frontier status=end elapsed_ms=55695 rss_bytes=9945780504
entrypath-probe phase=boundary_adjacent_expansion status=start elapsed_ms=0 rss_bytes=9945780504
entrypath-probe phase=boundary_adjacent_expansion status=end elapsed_ms=25985 rss_bytes=9951744280
entrypath-probe phase=boundary_predicate_scan status=start elapsed_ms=0 rss_bytes=9951744280
entrypath-probe phase=boundary_predicate_scan status=end elapsed_ms=0 rss_bytes=9951744280
entrypath-probe phase=boundary_seed_set_assembly status=start elapsed_ms=0 rss_bytes=9951744280
entrypath-probe phase=boundary_seed_set_assembly status=end elapsed_ms=0 rss_bytes=9951744280
entrypath-probe phase=function_ref_index status=start elapsed_ms=0 rss_bytes=9951744280
entrypath-probe phase=function_ref_index status=end elapsed_ms=142 rss_bytes=9951744280
entrypath-probe phase=function_value_flow status=start elapsed_ms=0 rss_bytes=9951744280
entrypath-probe phase=function_value_flow status=end elapsed_ms=91 rss_bytes=9951744280
      188.87 real        80.87 user       111.78 sys
time: sysctl kern.clockrate: Operation not permitted
