entrypath-probe phase=package_load status=start elapsed_ms=0 rss_bytes=8145160
entrypath-probe phase=package_load status=end elapsed_ms=2942 rss_bytes=2658946152
entrypath-probe phase=ssa_build status=start elapsed_ms=0 rss_bytes=2658946152
entrypath-probe phase=ssa_build status=end elapsed_ms=1845 rss_bytes=4039677672
entrypath-probe phase=root_resolution status=start elapsed_ms=0 rss_bytes=4039677672
entrypath-probe phase=root_resolution status=end elapsed_ms=8520 rss_bytes=5887696312
entrypath-probe phase=callgraph status=start elapsed_ms=0 rss_bytes=5887696312
entrypath-probe phase=callgraph status=end elapsed_ms=27149 rss_bytes=6617153112
entrypath-probe phase=reverse_bfs status=start elapsed_ms=0 rss_bytes=6617153112
entrypath-probe phase=reverse_bfs status=end elapsed_ms=302 rss_bytes=6617218648
entrypath-probe phase=boundary_reverse_frontier status=start elapsed_ms=0 rss_bytes=6617218648
entrypath-probe phase=boundary_reverse_frontier status=end elapsed_ms=230 rss_bytes=6617415256
entrypath-probe phase=boundary_adjacent_expansion status=start elapsed_ms=0 rss_bytes=6617415256
entrypath-probe phase=boundary_adjacent_expansion status=end elapsed_ms=109 rss_bytes=6617546328
entrypath-probe phase=boundary_predicate_scan status=start elapsed_ms=0 rss_bytes=6617546328
entrypath-probe phase=boundary_predicate_scan status=end elapsed_ms=29660 rss_bytes=8741384184
entrypath-probe phase=boundary_seed_set_assembly status=start elapsed_ms=0 rss_bytes=8741449720
entrypath-probe phase=boundary_seed_set_assembly status=end elapsed_ms=0 rss_bytes=8741449720
entrypath-probe phase=function_ref_index status=start elapsed_ms=0 rss_bytes=8741449720
entrypath-probe phase=function_ref_index status=end elapsed_ms=91 rss_bytes=8741711864
entrypath-probe phase=function_value_flow status=start elapsed_ms=0 rss_bytes=8741711864
entrypath-probe phase=function_value_flow status=end elapsed_ms=40 rss_bytes=8741711864
